// Jest Snapshot v1, https://goo.gl/fbAQLP

exports[`components/Footer Компонент должен соответствовать снэпшоту 1`] = `
{
  "asFragment": [Function],
  "baseElement": <body>
    <div>
      <div
        class="socialLinks"
        data-testid="social-links"
      >
        <a
          href="https://moikrug.ru/nikolaysmekalin"
          target="_blank"
        >
          <div
            class="socialLinks_icon socialLinks_cv"
            data-testid="social-link"
          />
        </a>
        <a
          href="https://github.com/Zerfo"
          target="_blank"
        >
          <div
            class="socialLinks_icon socialLinks_git"
            data-testid="social-link"
          />
        </a>
        <a
          href="https://t.me/zerfo"
          target="_blank"
        >
          <div
            class="socialLinks_icon socialLinks_tg"
            data-testid="social-link"
          />
        </a>
        <a
          href="https://vk.com/nik.smekalin"
          target="_blank"
        >
          <div
            class="socialLinks_icon socialLinks_vk"
            data-testid="social-link"
          />
        </a>
        <a
          href="https://www.instagram.com/nik.smekalin"
          target="_blank"
        >
          <div
            class="socialLinks_icon socialLinks_inst"
            data-testid="social-link"
          />
        </a>
      </div>
    </div>
  </body>,
  "container": <div>
    <div
      class="socialLinks"
      data-testid="social-links"
    >
      <a
        href="https://moikrug.ru/nikolaysmekalin"
        target="_blank"
      >
        <div
          class="socialLinks_icon socialLinks_cv"
          data-testid="social-link"
        />
      </a>
      <a
        href="https://github.com/Zerfo"
        target="_blank"
      >
        <div
          class="socialLinks_icon socialLinks_git"
          data-testid="social-link"
        />
      </a>
      <a
        href="https://t.me/zerfo"
        target="_blank"
      >
        <div
          class="socialLinks_icon socialLinks_tg"
          data-testid="social-link"
        />
      </a>
      <a
        href="https://vk.com/nik.smekalin"
        target="_blank"
      >
        <div
          class="socialLinks_icon socialLinks_vk"
          data-testid="social-link"
        />
      </a>
      <a
        href="https://www.instagram.com/nik.smekalin"
        target="_blank"
      >
        <div
          class="socialLinks_icon socialLinks_inst"
          data-testid="social-link"
        />
      </a>
    </div>
  </div>,
  "debug": [Function],
  "findAllByAltText": [Function],
  "findAllByDisplayValue": [Function],
  "findAllByLabelText": [Function],
  "findAllByPlaceholderText": [Function],
  "findAllByRole": [Function],
  "findAllByTestId": [Function],
  "findAllByText": [Function],
  "findAllByTitle": [Function],
  "findByAltText": [Function],
  "findByDisplayValue": [Function],
  "findByLabelText": [Function],
  "findByPlaceholderText": [Function],
  "findByRole": [Function],
  "findByTestId": [Function],
  "findByText": [Function],
  "findByTitle": [Function],
  "getAllByAltText": [Function],
  "getAllByDisplayValue": [Function],
  "getAllByLabelText": [Function],
  "getAllByPlaceholderText": [Function],
  "getAllByRole": [Function],
  "getAllByTestId": [Function],
  "getAllByText": [Function],
  "getAllByTitle": [Function],
  "getByAltText": [Function],
  "getByDisplayValue": [Function],
  "getByLabelText": [Function],
  "getByPlaceholderText": [Function],
  "getByRole": [Function],
  "getByTestId": [Function],
  "getByText": [Function],
  "getByTitle": [Function],
  "queryAllByAltText": [Function],
  "queryAllByDisplayValue": [Function],
  "queryAllByLabelText": [Function],
  "queryAllByPlaceholderText": [Function],
  "queryAllByRole": [Function],
  "queryAllByTestId": [Function],
  "queryAllByText": [Function],
  "queryAllByTitle": [Function],
  "queryByAltText": [Function],
  "queryByDisplayValue": [Function],
  "queryByLabelText": [Function],
  "queryByPlaceholderText": [Function],
  "queryByRole": [Function],
  "queryByTestId": [Function],
  "queryByText": [Function],
  "queryByTitle": [Function],
  "rerender": [Function],
  "unmount": [Function],
}
`;
